Finding new NVMe device /dev/nvme2n1
/dev/nvme2n1
mke2fs 1.47.0 (5-Feb-2023)
Discarding device blocks: done                            
Creating filesystem with 2097152 4k blocks and 524288 inodes
Filesystem UUID: fff613d2-9793-464c-ae2a-a3181e1777cb
Superblock backups stored on blocks: 
	32768, 98304, 163840, 229376, 294912, 819200, 884736, 1605632

Allocating group tables: done                            
Writing inode tables: done                            
Creating journal (16384 blocks): done
Writing superblocks and filesystem accounting information: done 

Mounting /dev/nvme2n1...
Testing read/write operations...
100+0 records in
100+0 records out
104857600 bytes (105 MB, 100 MiB) copied, 0.148722 s, 705 MB/s
Read/write test complete.
